// Jest Snapshot v1, https://goo.gl/fbAQLP

exports[`CardList Component should render CardList component 1`] = `ShallowWrapper {}`;
