// Jest Snapshot v1, https://goo.gl/fbAQLP

exports[`Card Component should render Card component 1`] = `ShallowWrapper {}`;
