// Jest Snapshot v1, https://goo.gl/fbAQLP

exports[`CounterButton Component should render CounterButton component 1`] = `ShallowWrapper {}`;
