// Jest Snapshot v1, https://goo.gl/fbAQLP

exports[`ErrorBoundary Component should render ErrorBoundary component 1`] = `ShallowWrapper {}`;

exports[`ErrorBoundary Component should render error component 1`] = `undefined`;
