// Jest Snapshot v1, https://goo.gl/fbAQLP

exports[`MainPage Component should render MainPage component 1`] = `ShallowWrapper {}`;

exports[`MainPage Component should render loading component 1`] = `ShallowWrapper {}`;
