// Jest Snapshot v1, https://goo.gl/fbAQLP

exports[`Scroll Component should render Scroll component 1`] = `ShallowWrapper {}`;
